Vivado Simulator v2025.1.0
Copyright 1986-2022 Xilinx, Inc. All Rights Reserved.
Copyright 2022-2025 Advanced Micro Devices, Inc. All Rights Reserved.
Running: D:/Vivado/2025.1/Vivado/bin/unwrapped/win64.o/xelab.exe work.tb_top -s simv -timescale 1ns/1ns 
Multi-threading is on. Using 6 slave threads.
Starting static elaboration
Pass Through NonSizing Optimizer
WARNING: [VRFC 10-3091] actual bit length 8 differs from formal bit length 16 for port 'product' [C:/Users/akash/Downloads/alu_uvm_ip_vip/rtl/top/../core/alu_core.v:58]
Completed static elaboration
Starting simulation data flow analysis
WARNING: [XSIM 43-4468] File : /proj/primebuilds/9999.0_PRIME_0428_0031/installs/data/system_verilog/uvm_1.2/xlnx_uvm_package.sv, Line : 25994, RANDC variable size more than 8 bits. This will be treated as a RAND variable instead.
Completed simulation data flow analysis
Time Resolution for simulation is 1ps
Compiling package work.$unit_tb_top_sv_4293450132
Compiling package uvm.uvm_pkg
Compiling package std.std
Compiling module work.drv_cb
Compiling module work.mon_cb
Compiling module work.apb_inft(WIDTH=8)
Compiling module work.apb_slave
Compiling module work.register_file
Compiling module work.opcode_decoder
Compiling module work.adder
Compiling module work.subtractor
Compiling module work.multiplier
Compiling module work.divider
Compiling module work.shift_left
Compiling module work.shift_right
Compiling module work.rotate_left
Compiling module work.rotate_right
Compiling module work.and_unit
Compiling module work.or_unit
Compiling module work.xor_unit
Compiling module work.xnor_unit
Compiling module work.nand_unit
Compiling module work.nor_unit
Compiling module work.greater_than
Compiling module work.equal
Compiling module work.output_mux
Compiling module work.alu_core
Compiling module work.alu_top
Compiling module work.tb_top
Built simulation snapshot simv
